(((((((K ((S ((S (K S)) ((S (K (S (K S)))) ((S ((S (K S)) ((S (K (S (K S)))) ((S ((S (K S)) ((S (K (S (K S)))) ((S ((S (K S)) ((S (K (S (K S)))) ((S ((S (K S)) ((S (K (S (K S)))) ((S ((S (K S)) ((S (K (S (K S)))) ((S (K (S (K (S (K S)))))) ((S (K (S (K (S (K (S (K S)))))))) ((S (K (S (K (S (K (S (K (S (K S)))))))))) ((S (K (S (K (S (K (S (K (S (K (S (K S)))))))))))) ((S (K (S (K (S (K (S (K (S (K (S (K (S (K S)))))))))))))) ((S ((S (K S)) ((S (K (S (K S)))) ((S (K (S (K (S (K S)))))) ((S (K (S (K (S (K (S (K S)))))))) ((S (K (S (K (S (K (S (K (S (K S)))))))))) ((S (K (S (K (S (K (S (K (S (K (S (K S)))))))))))) ((S (K (S (K (S (K (S (K (S (K (S (K (S (K S)))))))))))))) ((S (K (S (K (S (K (S (K (S (K (S (K (S (K (S (K S)))))))))))))))) ((S (K (S (K (S (K (S (K (S (K (S (K (S (K (S (K K)))))))))))))))) ((S (K (S (K (S (K (S (K (S (K (S (K (S (K (S (K K)))))))))))))))) ((S (K (S ((S (K S)) ((S (K (S (K S)))) ((S (K (S (K (S (K S)))))) ((S (K (S (K (S (K K)))))) ((S (K (S (K (S (K S)))))) ((S (K (S (K (S (K K)))))) ((S (K (S (K (S (K S)))))) ((S (K (S (K (S (K K)))))) ((S (K (S (K (S (K S)))))) ((S (K (S (K (S (K K)))))) ((S (K (S (K (S (K (S (K ((S ((S (K S)) ((S ((S (K S)) ((S (K K)) I))) (K ((S I) I))))) ((S ((S (K S)) ((S (K K)) I))) (K ((S I) I)))))))))))) ((S ((S (K S)) ((S (K K)) ((S (K S)) ((S (K (S (K S)))) ((S (K (S (K K)))) ((S (K (S (K S)))) ((S (K (S (K K)))) ((S (K (S (K S)))) ((S (K (S (K (S (K S)))))) ((S (K (S (K (S (K K)))))) ((S (K (S ((S (K S)) ((S ((S (K S)) ((S (K K)) I))) (K I)))))) ((S (K K)) ((S (K K)) I)))))))))))))) (K ((S ((S (K S)) ((S (K (S (K S)))) ((S (K (S (K K)))) ((S (K (S (K S)))) ((S (K (S (K K)))) ((S (K (S (K S)))) ((S (K (S (K K)))) ((S (K (S (K S)))) ((S (K (S ((S (K S)) ((S ((S (K S)) ((S (K K)) I))) (K I)))))) ((S (K K)) ((S (K K)) I)))))))))))) (K (K ((S ((S (K S)) ((S (K (S (K S)))) ((S (K (S (K (S (K S)))))) ((S (K (S (K (S (K K)))))) ((S (K (S ((S (K S)) ((S (K K)) I))))) ((S (K K)) ((S ((S (K S)) ((S (K K)) I))) (K I))))))))) ((S (K K)) ((S (K K)) ((S ((S (K S)) ((S (K K)) I))) (K I)))))))))))))))))))))))) ((S (K K)) ((S (K K)) ((S (K K)) ((S (K (S ((S (K S)) ((S (K K)) ((S (K S)) ((S (K K)) ((S (K S)) ((S (K K)) ((S (K S)) ((S (K K)) I))))))))))) ((S (K K)) ((S (K (S ((S (K S)) ((S (K (S (K S)))) ((S (K (S (K (S (K S)))))) ((S (K (S (K (S (K (S I))))))) ((S (K (S (K (S (K K)))))) ((S ((S (K S)) ((S (K (S (K S)))) ((S (K (S (K K)))) ((S (K (S (K S)))) ((S (K (S ((S (K S)) ((S (K K)) I))))) ((S (K K)) ((S ((S (K S)) ((S (K K)) I))) (K I))))))))) ((S (K K)) ((S (K (S ((S (K S)) ((S (K K)) I))))) ((S (K K)) ((S ((S (K S)) ((S (K K)) I))) (K I)))))))))))))) ((S (K K)) ((S (K (S (K K)))) ((S (K (S (K K)))) ((S ((S (K S)) ((S (K (S I))) ((S (K K)) I)))) ((S (K K)) I))))))))))))))))))))))) ((S (K K)) ((S (K K)) ((S (K K)) ((S (K K)) ((S (K K)) ((S (K K)) ((S (K K)) ((S (K (S ((S (K S)) ((S (K (S (K S)))) ((S (K (S ((S (K S)) ((S (K K)) I))))) ((S (K K)) ((S ((S (K S)) ((S (K K)) I))) (K I))))))))) ((S (K K)) ((S (K K)) ((S (K K)) I)))))))))))))))))))) (K (K (K (K (K (K (K ((S ((S (K S)) ((S (K (S (K S)))) ((S (K (S (K K)))) ((S (K (S I))) ((S (K K)) I)))))) (K (K I)))))))))))))) (K ((S (K (S ((S (K S)) ((S (K (S I))) ((S (K K)) ((S (K K)) I))))))) ((S (K K)) ((S (K K)) I)))))))) (K ((S (K K)) ((S (K (S I))) ((S (K K)) I)))))))) (K (K ((S (K (S I))) ((S (K K)) I)))))))) (K (K (K ((S ((S (K S)) ((S (K K)) ((S (K S)) ((S (K (S I))) ((S (K K)) I)))))) (K ((S (K K)) I)))))))))) (K (K (K ((S ((S (K S)) ((S (K (S (K S)))) ((S (K (S (K K)))) ((S ((S (K S)) ((S (K K)) I))) (K I)))))) (K ((S ((S (K S)) ((S (K K)) I))) (K I))))))))) ((S ((S (K S)) ((S (K (S (K S)))) ((S (K (S (K K)))) ((S ((S (K S)) ((S (K K)) I))) (K I)))))) (K (K I)))) (K I)) ((S (K K)) I)) (K I)) ((S ((S (K S)) ((S (K K)) I))) ((S ((S (K S)) ((S (K K)) I))) (K I)))) ((S ((S (K S)) ((S (K K)) I))) ((S ((S (K S)) ((S (K K)) I))) (K I))))