\a.(\b.(((((((a b) (\b.(b c))) (\d.(e (\f.g)))) h) de3') fef) (\a.(\b.((((a b) (\b.(b c))) (\d.(e (\f.g)))) h)))))
