(((S (K (S ((S I) (K ((S (K (S (K (S (K ((S I) (K (K I))))))))) ((S ((S (K S)) ((S (K (S (K S)))) ((S (K (S (K K)))) ((S ((S (K S)) ((S (K K)) I))) (K ((S ((S (K S)) ((S (K (S (K ((S ((S (K S)) ((S (K K)) ((S (K S)) ((S (K (S I))) ((S (K K)) I)))))) (K ((S (K K)) I))))))) ((S ((S (K S)) ((S (K K)) I))) (K ((S (K ((S I) (K ((S (K K)) I))))) I)))))) (K ((S (K ((S I) (K ((S (K K)) I))))) I))))))))) (K (K ((S ((S (K ((S ((S (K S)) ((S (K K)) ((S (K S)) ((S (K (S I))) ((S (K K)) I)))))) (K ((S (K K)) I))))) I)) I)))))))))) ((S (K K)) I)) ((S ((S (K S)) ((S (K K)) I))) ((S ((S (K S)) ((S (K K)) I))) ((S ((S (K S)) ((S (K K)) I))) ((S ((S (K S)) ((S (K K)) I))) ((S ((S (K S)) ((S (K K)) I))) (K I))))))) ((S ((S (K S)) ((S (K K)) I))) ((S ((S (K S)) ((S (K K)) I))) ((S ((S (K S)) ((S (K K)) I))) (K I))))
